// Jest Snapshot v1, https://goo.gl/fbAQLP

exports[`components/FavoriteNumber mounts 1`] = `
<div>
  <label
    for="favorite-number"
  >
    Favorite Number
  </label>
  <input
    id="favorite-number"
    type="number"
    value="0"
  />
</div>
`;
